Component: ARM Compiler 5.06 update 1 (build 61) Tool: armlink [4d35a8]

==============================================================================

Section Cross References

    main.o(i.GPIO_Configuration) refers to stm32f0xx_gpio.o(i.GPIO_Init) for GPIO_Init
    main.o(i.GPIO_Configuration) refers to stm32f0xx_gpio.o(i.GPIO_SetBits) for GPIO_SetBits
    main.o(i.GPIO_Configuration) refers to stm32f0xx_gpio.o(i.GPIO_PinAFConfig) for GPIO_PinAFConfig
    main.o(i.RCC_Configuration) refers to system_stm32f0xx.o(i.SystemInit) for SystemInit
    main.o(i.RCC_Configuration) refers to stm32f0xx_rcc.o(i.RCC_AHBPeriphClockCmd) for RCC_AHBPeriphClockCmd
    main.o(i.RCC_Configuration) refers to stm32f0xx_rcc.o(i.RCC_APB2PeriphClockCmd) for RCC_APB2PeriphClockCmd
    main.o(i.RCC_Configuration) refers to stm32f0xx_rcc.o(i.RCC_APB1PeriphClockCmd) for RCC_APB1PeriphClockCmd
    main.o(i.TIM3_IRQHandler) refers to stm32f0xx_tim.o(i.TIM_GetITStatus) for TIM_GetITStatus
    main.o(i.TIM3_IRQHandler) refers to stm32f0xx_tim.o(i.TIM_ClearITPendingBit) for TIM_ClearITPendingBit
    main.o(i.USART1_IRQHandler) refers to stm32f0xx_usart.o(i.USART_GetITStatus) for USART_GetITStatus
    main.o(i.USART1_IRQHandler) refers to stm32f0xx_usart.o(i.USART_ReceiveData) for USART_ReceiveData
    main.o(i.USART1_IRQHandler) refers to stm32f0xx_usart.o(i.USART_ClearITPendingBit) for USART_ClearITPendingBit
    main.o(i.USART1_IRQHandler) refers to stm32f0xx_usart.o(i.USART_GetFlagStatus) for USART_GetFlagStatus
    main.o(i.USART1_IRQHandler) refers to stm32f0xx_usart.o(i.USART_ClearFlag) for USART_ClearFlag
    main.o(i.USART1_IRQHandler) refers to main.o(.data) for counter
    main.o(i.USART1_IRQHandler) refers to main.o(.bss) for RxBuffer
    main.o(i.main) refers to main.o(i.RCC_Configuration) for RCC_Configuration
    main.o(i.main) refers to delay.o(i.delay_init) for delay_init
    main.o(i.main) refers to usart.o(i.USART_IT_Init) for USART_IT_Init
    main.o(i.main) refers to usart.o(i.USART_Configuration) for USART_Configuration
    main.o(i.main) refers to main.o(i.GPIO_Configuration) for GPIO_Configuration
    main.o(i.main) refers to smarthome.o(i.Timer_Init) for Timer_Init
    main.o(i.main) refers to delay.o(i.delay_ms) for delay_ms
    main.o(i.main) refers to stm32f0xx_usart.o(i.USART_ITConfig) for USART_ITConfig
    main.o(i.main) refers to smarthome.o(i.Wifi_Init) for Wifi_Init
    main.o(i.main) refers to main.o(i.__ARM_common_switch8) for __ARM_common_switch8
    main.o(i.main) refers to smarthome.o(i.MotorStop) for MotorStop
    main.o(i.main) refers to smarthome.o(i.MotorForward) for MotorForward
    main.o(i.main) refers to smarthome.o(i.MotorReverse) for MotorReverse
    main.o(i.main) refers to smarthome.o(i.LED_Switch) for LED_Switch
    main.o(i.main) refers to smarthome.o(i.BeepCmd) for BeepCmd
    main.o(i.main) refers to main.o(.data) for motorState
    main.o(i.main) refers to main.o(.bss) for RxBuffer
    startup_stm32f030.o(RESET) refers to startup_stm32f030.o(STACK) for __initial_sp
    startup_stm32f030.o(RESET) refers to startup_stm32f030.o(.text) for Reset_Handler
    startup_stm32f030.o(RESET) refers to main.o(i.TIM3_IRQHandler) for TIM3_IRQHandler
    startup_stm32f030.o(RESET) refers to main.o(i.USART1_IRQHandler) for USART1_IRQHandler
    startup_stm32f030.o(.text) refers to startup_stm32f030.o(STACK) for __initial_sp
    startup_stm32f030.o(.text) refers to system_stm32f0xx.o(i.SystemInit) for SystemInit
    startup_stm32f030.o(.text) refers to entry.o(.ARM.Collect$$$$00000000) for __main
    system_stm32f0xx.o(i.SystemCoreClockUpdate) refers to uidiv.o(.text) for __aeabi_uidivmod
    system_stm32f0xx.o(i.SystemCoreClockUpdate) refers to system_stm32f0xx.o(.data) for SystemCoreClock
    system_stm32f0xx.o(i.SystemInit) refers to system_stm32f0xx.o(i.SetSysClock) for SetSysClock
    stm32f0xx_gpio.o(i.GPIO_DeInit) refers to stm32f0xx_rcc.o(i.RCC_AHBPeriphResetCmd) for RCC_AHBPeriphResetCmd
    stm32f0xx_rcc.o(i.RCC_GetClocksFreq) refers to uidiv.o(.text) for __aeabi_uidivmod
    stm32f0xx_rcc.o(i.RCC_GetClocksFreq) refers to stm32f0xx_rcc.o(.data) for APBAHBPrescTable
    stm32f0xx_rcc.o(i.RCC_WaitForHSEStartUp) refers to stm32f0xx_rcc.o(i.RCC_GetFlagStatus) for RCC_GetFlagStatus
    stm32f0xx_usart.o(i.USART_DeInit) refers to stm32f0xx_rcc.o(i.RCC_APB2PeriphResetCmd) for RCC_APB2PeriphResetCmd
    stm32f0xx_usart.o(i.USART_DeInit) refers to stm32f0xx_rcc.o(i.RCC_APB1PeriphResetCmd) for RCC_APB1PeriphResetCmd
    stm32f0xx_usart.o(i.USART_Init) refers to stm32f0xx_rcc.o(i.RCC_GetClocksFreq) for RCC_GetClocksFreq
    stm32f0xx_usart.o(i.USART_Init) refers to uidiv.o(.text) for __aeabi_uidivmod
    stm32f0xx_tim.o(i.TIM_DeInit) refers to stm32f0xx_rcc.o(i.RCC_APB2PeriphResetCmd) for RCC_APB2PeriphResetCmd
    stm32f0xx_tim.o(i.TIM_DeInit) refers to stm32f0xx_rcc.o(i.RCC_APB1PeriphResetCmd) for RCC_APB1PeriphResetCmd
    stm32f0xx_tim.o(i.TIM_ETRClockMode1Config) refers to stm32f0xx_tim.o(i.TIM_ETRConfig) for TIM_ETRConfig
    stm32f0xx_tim.o(i.TIM_ETRClockMode2Config) refers to stm32f0xx_tim.o(i.TIM_ETRConfig) for TIM_ETRConfig
    stm32f0xx_tim.o(i.TIM_ICInit) refers to stm32f0xx_tim.o(i.TI1_Config) for TI1_Config
    stm32f0xx_tim.o(i.TIM_ICInit) refers to stm32f0xx_tim.o(i.TIM_SetIC1Prescaler) for TIM_SetIC1Prescaler
    stm32f0xx_tim.o(i.TIM_ICInit) refers to stm32f0xx_tim.o(i.TI2_Config) for TI2_Config
    stm32f0xx_tim.o(i.TIM_ICInit) refers to stm32f0xx_tim.o(i.TIM_SetIC2Prescaler) for TIM_SetIC2Prescaler
    stm32f0xx_tim.o(i.TIM_ICInit) refers to stm32f0xx_tim.o(i.TI3_Config) for TI3_Config
    stm32f0xx_tim.o(i.TIM_ICInit) refers to stm32f0xx_tim.o(i.TIM_SetIC3Prescaler) for TIM_SetIC3Prescaler
    stm32f0xx_tim.o(i.TIM_ICInit) refers to stm32f0xx_tim.o(i.TI4_Config) for TI4_Config
    stm32f0xx_tim.o(i.TIM_ICInit) refers to stm32f0xx_tim.o(i.TIM_SetIC4Prescaler) for TIM_SetIC4Prescaler
    stm32f0xx_tim.o(i.TIM_ITRxExternalClockConfig) refers to stm32f0xx_tim.o(i.TIM_SelectInputTrigger) for TIM_SelectInputTrigger
    stm32f0xx_tim.o(i.TIM_PWMIConfig) refers to stm32f0xx_tim.o(i.TI1_Config) for TI1_Config
    stm32f0xx_tim.o(i.TIM_PWMIConfig) refers to stm32f0xx_tim.o(i.TIM_SetIC1Prescaler) for TIM_SetIC1Prescaler
    stm32f0xx_tim.o(i.TIM_PWMIConfig) refers to stm32f0xx_tim.o(i.TI2_Config) for TI2_Config
    stm32f0xx_tim.o(i.TIM_PWMIConfig) refers to stm32f0xx_tim.o(i.TIM_SetIC2Prescaler) for TIM_SetIC2Prescaler
    stm32f0xx_tim.o(i.TIM_TIxExternalClockConfig) refers to stm32f0xx_tim.o(i.TI2_Config) for TI2_Config
    stm32f0xx_tim.o(i.TIM_TIxExternalClockConfig) refers to stm32f0xx_tim.o(i.TI1_Config) for TI1_Config
    stm32f0xx_tim.o(i.TIM_TIxExternalClockConfig) refers to stm32f0xx_tim.o(i.TIM_SelectInputTrigger) for TIM_SelectInputTrigger
    delay.o(i.delay_init) refers to stm32f0xx_misc.o(i.SysTick_CLKSourceConfig) for SysTick_CLKSourceConfig
    delay.o(i.delay_init) refers to uidiv.o(.text) for __aeabi_uidivmod
    delay.o(i.delay_init) refers to system_stm32f0xx.o(.data) for SystemCoreClock
    delay.o(i.delay_init) refers to delay.o(.data) for fac_us
    delay.o(i.delay_ms) refers to delay.o(.data) for fac_ms
    delay.o(i.delay_us) refers to delay.o(.data) for fac_us
    usart.o(i.USART_Configuration) refers to stm32f0xx_usart.o(i.USART_Init) for USART_Init
    usart.o(i.USART_Configuration) refers to stm32f0xx_usart.o(i.USART_Cmd) for USART_Cmd
    usart.o(i.USART_IT_Init) refers to stm32f0xx_misc.o(i.NVIC_Init) for NVIC_Init
    usart.o(i.USART_Put_Inf) refers to usart.o(i.USART_SendString) for USART_SendString
    usart.o(i.USART_Put_Inf) refers to usart.o(i.USART_Put_Num) for USART_Put_Num
    usart.o(i.USART_Put_Num) refers to usart.o(i.u32tostr) for u32tostr
    usart.o(i.USART_Put_Num) refers to usart.o(i.USART_SendString) for USART_SendString
    usart.o(i.USART_ReceiveString) refers to stm32f0xx_usart.o(i.USART_ReceiveData) for USART_ReceiveData
    usart.o(i.USART_ReceiveString) refers to stm32f0xx_usart.o(i.USART_GetFlagStatus) for USART_GetFlagStatus
    usart.o(i.USART_SendString) refers to strlen.o(.text) for strlen
    usart.o(i.USART_Send_Enter) refers to usart.o(i.USART1_Send_Byte) for USART1_Send_Byte
    usart.o(i.fgetc) refers to stm32f0xx_usart.o(i.USART_GetFlagStatus) for USART_GetFlagStatus
    usart.o(i.fgetc) refers to putc.o(i.putc) for putc
    usart.o(i.fgetc) refers to usart.o(.data) for __stdout
    usart.o(i.fputc) refers to stm32f0xx_usart.o(i.USART_GetFlagStatus) for USART_GetFlagStatus
    usart.o(i.fputc) refers to stm32f0xx_usart.o(i.USART_SendData) for USART_SendData
    usart.o(i.u32tostr) refers to uidiv.o(.text) for __aeabi_uidivmod
    smarthome.o(i.BeepCmd) refers to stm32f0xx_tim.o(i.TIM_Cmd) for TIM_Cmd
    smarthome.o(i.BeepCmd) refers to stm32f0xx_gpio.o(i.GPIO_ResetBits) for GPIO_ResetBits
    smarthome.o(i.LED_OFF) refers to stm32f0xx_gpio.o(i.GPIO_WriteBit) for GPIO_WriteBit
    smarthome.o(i.LED_Switch) refers to stm32f0xx_gpio.o(i.GPIO_WriteBit) for GPIO_WriteBit
    smarthome.o(i.MotorForward) refers to stm32f0xx_gpio.o(i.GPIO_WriteBit) for GPIO_WriteBit
    smarthome.o(i.MotorReverse) refers to stm32f0xx_gpio.o(i.GPIO_WriteBit) for GPIO_WriteBit
    smarthome.o(i.MotorStop) refers to stm32f0xx_gpio.o(i.GPIO_WriteBit) for GPIO_WriteBit
    smarthome.o(i.Timer_Init) refers to stm32f0xx_misc.o(i.NVIC_Init) for NVIC_Init
    smarthome.o(i.Timer_Init) refers to stm32f0xx_tim.o(i.TIM_TimeBaseInit) for TIM_TimeBaseInit
    smarthome.o(i.Timer_Init) refers to stm32f0xx_tim.o(i.TIM_ClearITPendingBit) for TIM_ClearITPendingBit
    smarthome.o(i.Timer_Init) refers to stm32f0xx_tim.o(i.TIM_ITConfig) for TIM_ITConfig
    smarthome.o(i.Timer_Init) refers to stm32f0xx_tim.o(i.TIM_Cmd) for TIM_Cmd
    smarthome.o(i.Wifi_Init) refers to delay.o(i.delay_ms) for delay_ms
    smarthome.o(i.Wifi_Init) refers to usart.o(i.USART_SendString) for USART_SendString
    smarthome.o(i.Wifi_Init) refers to stm32f0xx_usart.o(i.USART_ReceiveData) for USART_ReceiveData
    smarthome.o(i.Wifi_Init) refers to stm32f0xx_usart.o(i.USART_ClearFlag) for USART_ClearFlag
    entry.o(.ARM.Collect$$$$00000000) refers (Special) to entry10a.o(.ARM.Collect$$$$0000000D) for __rt_final_cpp
    entry.o(.ARM.Collect$$$$00000000) refers (Special) to entry11a.o(.ARM.Collect$$$$0000000F) for __rt_final_exit
    entry.o(.ARM.Collect$$$$00000000) refers (Special) to entry7b.o(.ARM.Collect$$$$00000008) for _main_clock
    entry.o(.ARM.Collect$$$$00000000) refers (Special) to entry8b.o(.ARM.Collect$$$$0000000A) for _main_cpp_init
    entry.o(.ARM.Collect$$$$00000000) refers (Special) to entry9a.o(.ARM.Collect$$$$0000000B) for _main_init
    entry.o(.ARM.Collect$$$$00000000) refers (Special) to entry5.o(.ARM.Collect$$$$00000004) for _main_scatterload
    entry.o(.ARM.Collect$$$$00000000) refers (Special) to entry2.o(.ARM.Collect$$$$00000001) for _main_stk
    putc.o(i.putc) refers to usart.o(i.fputc) for fputc
    entry2.o(.ARM.Collect$$$$00000001) refers to entry2.o(.ARM.Collect$$$$00002712) for __lit__00000000
    entry2.o(.ARM.Collect$$$$00002712) refers to startup_stm32f030.o(STACK) for __initial_sp
    entry2.o(__vectab_stack_and_reset_area) refers to startup_stm32f030.o(STACK) for __initial_sp
    entry2.o(__vectab_stack_and_reset_area) refers to entry.o(.ARM.Collect$$$$00000000) for __main
    entry5.o(.ARM.Collect$$$$00000004) refers to init.o(.text) for __scatterload
    entry9a.o(.ARM.Collect$$$$0000000B) refers to main.o(i.main) for main
    entry9b.o(.ARM.Collect$$$$0000000C) refers to main.o(i.main) for main
    init.o(.text) refers to entry5.o(.ARM.Collect$$$$00000004) for __main_after_scatterload


==============================================================================

Removing Unused input sections from the image.

    Removing main.o(.rev16_text), (4 bytes).
    Removing main.o(.revsh_text), (4 bytes).
    Removing startup_stm32f030.o(HEAP), (512 bytes).
    Removing system_stm32f0xx.o(.rev16_text), (4 bytes).
    Removing system_stm32f0xx.o(.revsh_text), (4 bytes).
    Removing system_stm32f0xx.o(i.SystemCoreClockUpdate), (176 bytes).
    Removing stm32f0xx_gpio.o(.rev16_text), (4 bytes).
    Removing stm32f0xx_gpio.o(.revsh_text), (4 bytes).
    Removing stm32f0xx_gpio.o(i.GPIO_DeInit), (176 bytes).
    Removing stm32f0xx_gpio.o(i.GPIO_PinLockConfig), (34 bytes).
    Removing stm32f0xx_gpio.o(i.GPIO_ReadInputData), (6 bytes).
    Removing stm32f0xx_gpio.o(i.GPIO_ReadInputDataBit), (20 bytes).
    Removing stm32f0xx_gpio.o(i.GPIO_ReadOutputData), (6 bytes).
    Removing stm32f0xx_gpio.o(i.GPIO_ReadOutputDataBit), (20 bytes).
    Removing stm32f0xx_gpio.o(i.GPIO_StructInit), (24 bytes).
    Removing stm32f0xx_gpio.o(i.GPIO_Write), (4 bytes).
    Removing stm32f0xx_rcc.o(.rev16_text), (4 bytes).
    Removing stm32f0xx_rcc.o(.revsh_text), (4 bytes).
    Removing stm32f0xx_rcc.o(i.RCC_ADCCLKConfig), (56 bytes).
    Removing stm32f0xx_rcc.o(i.RCC_AHBPeriphResetCmd), (32 bytes).
    Removing stm32f0xx_rcc.o(i.RCC_APB1PeriphResetCmd), (32 bytes).
    Removing stm32f0xx_rcc.o(i.RCC_APB2PeriphResetCmd), (32 bytes).
    Removing stm32f0xx_rcc.o(i.RCC_AdjustHSI14CalibrationValue), (32 bytes).
    Removing stm32f0xx_rcc.o(i.RCC_AdjustHSICalibrationValue), (32 bytes).
    Removing stm32f0xx_rcc.o(i.RCC_BackupResetCmd), (40 bytes).
    Removing stm32f0xx_rcc.o(i.RCC_CECCLKConfig), (28 bytes).
    Removing stm32f0xx_rcc.o(i.RCC_ClearFlag), (20 bytes).
    Removing stm32f0xx_rcc.o(i.RCC_ClearITPendingBit), (12 bytes).
    Removing stm32f0xx_rcc.o(i.RCC_ClockSecuritySystemCmd), (40 bytes).
    Removing stm32f0xx_rcc.o(i.RCC_DeInit), (120 bytes).
    Removing stm32f0xx_rcc.o(i.RCC_GetFlagStatus), (72 bytes).
    Removing stm32f0xx_rcc.o(i.RCC_GetITStatus), (28 bytes).
    Removing stm32f0xx_rcc.o(i.RCC_GetSYSCLKSource), (16 bytes).
    Removing stm32f0xx_rcc.o(i.RCC_HCLKConfig), (32 bytes).
    Removing stm32f0xx_rcc.o(i.RCC_HSEConfig), (16 bytes).
    Removing stm32f0xx_rcc.o(i.RCC_HSI14ADCRequestCmd), (36 bytes).
    Removing stm32f0xx_rcc.o(i.RCC_HSI14Cmd), (36 bytes).
    Removing stm32f0xx_rcc.o(i.RCC_HSI48Cmd), (40 bytes).
    Removing stm32f0xx_rcc.o(i.RCC_HSICmd), (36 bytes).
    Removing stm32f0xx_rcc.o(i.RCC_I2CCLKConfig), (28 bytes).
    Removing stm32f0xx_rcc.o(i.RCC_ITConfig), (32 bytes).
    Removing stm32f0xx_rcc.o(i.RCC_LSEConfig), (40 bytes).
    Removing stm32f0xx_rcc.o(i.RCC_LSEDriveConfig), (28 bytes).
    Removing stm32f0xx_rcc.o(i.RCC_LSICmd), (36 bytes).
    Removing stm32f0xx_rcc.o(i.RCC_MCOConfig), (28 bytes).
    Removing stm32f0xx_rcc.o(i.RCC_PCLKConfig), (36 bytes).
    Removing stm32f0xx_rcc.o(i.RCC_PLLCmd), (40 bytes).
    Removing stm32f0xx_rcc.o(i.RCC_PLLConfig), (36 bytes).
    Removing stm32f0xx_rcc.o(i.RCC_PREDIV1Config), (28 bytes).
    Removing stm32f0xx_rcc.o(i.RCC_RTCCLKCmd), (40 bytes).
    Removing stm32f0xx_rcc.o(i.RCC_RTCCLKConfig), (16 bytes).
    Removing stm32f0xx_rcc.o(i.RCC_SYSCLKConfig), (28 bytes).
    Removing stm32f0xx_rcc.o(i.RCC_USARTCLKConfig), (72 bytes).
    Removing stm32f0xx_rcc.o(i.RCC_USBCLKConfig), (28 bytes).
    Removing stm32f0xx_rcc.o(i.RCC_WaitForHSEStartUp), (60 bytes).
    Removing stm32f0xx_syscfg.o(.rev16_text), (4 bytes).
    Removing stm32f0xx_syscfg.o(.revsh_text), (4 bytes).
    Removing stm32f0xx_syscfg.o(i.SYSCFG_BreakConfig), (16 bytes).
    Removing stm32f0xx_syscfg.o(i.SYSCFG_ClearFlag), (16 bytes).
    Removing stm32f0xx_syscfg.o(i.SYSCFG_DMAChannelRemapConfig), (32 bytes).
    Removing stm32f0xx_syscfg.o(i.SYSCFG_DeInit), (44 bytes).
    Removing stm32f0xx_syscfg.o(i.SYSCFG_EXTILineConfig), (64 bytes).
    Removing stm32f0xx_syscfg.o(i.SYSCFG_GetFlagStatus), (32 bytes).
    Removing stm32f0xx_syscfg.o(i.SYSCFG_GetPendingIT), (24 bytes).
    Removing stm32f0xx_syscfg.o(i.SYSCFG_I2CFastModePlusConfig), (32 bytes).
    Removing stm32f0xx_syscfg.o(i.SYSCFG_IRDAEnvSelection), (28 bytes).
    Removing stm32f0xx_syscfg.o(i.SYSCFG_MemoryRemapConfig), (28 bytes).
    Removing stm32f0xx_usart.o(.rev16_text), (4 bytes).
    Removing stm32f0xx_usart.o(.revsh_text), (4 bytes).
    Removing stm32f0xx_usart.o(i.USART_AddressDetectionConfig), (16 bytes).
    Removing stm32f0xx_usart.o(i.USART_AutoBaudRateCmd), (28 bytes).
    Removing stm32f0xx_usart.o(i.USART_AutoBaudRateConfig), (18 bytes).
    Removing stm32f0xx_usart.o(i.USART_ClockInit), (36 bytes).
    Removing stm32f0xx_usart.o(i.USART_ClockStructInit), (12 bytes).
    Removing stm32f0xx_usart.o(i.USART_DECmd), (28 bytes).
    Removing stm32f0xx_usart.o(i.USART_DEPolarityConfig), (18 bytes).
    Removing stm32f0xx_usart.o(i.USART_DMACmd), (20 bytes).
    Removing stm32f0xx_usart.o(i.USART_DMAReceptionErrorConfig), (18 bytes).
    Removing stm32f0xx_usart.o(i.USART_DataInvCmd), (28 bytes).
    Removing stm32f0xx_usart.o(i.USART_DeInit), (240 bytes).
    Removing stm32f0xx_usart.o(i.USART_DirectionModeCmd), (20 bytes).
    Removing stm32f0xx_usart.o(i.USART_HalfDuplexCmd), (24 bytes).
    Removing stm32f0xx_usart.o(i.USART_InvPinCmd), (20 bytes).
    Removing stm32f0xx_usart.o(i.USART_IrDACmd), (24 bytes).
    Removing stm32f0xx_usart.o(i.USART_IrDAConfig), (16 bytes).
    Removing stm32f0xx_usart.o(i.USART_LINBreakDetectLengthConfig), (16 bytes).
    Removing stm32f0xx_usart.o(i.USART_LINCmd), (28 bytes).
    Removing stm32f0xx_usart.o(i.USART_MSBFirstCmd), (28 bytes).
    Removing stm32f0xx_usart.o(i.USART_MuteModeCmd), (28 bytes).
    Removing stm32f0xx_usart.o(i.USART_MuteModeWakeUpConfig), (18 bytes).
    Removing stm32f0xx_usart.o(i.USART_OneBitMethodCmd), (28 bytes).
    Removing stm32f0xx_usart.o(i.USART_OverSampling8Cmd), (28 bytes).
    Removing stm32f0xx_usart.o(i.USART_OverrunDetectionConfig), (18 bytes).
    Removing stm32f0xx_usart.o(i.USART_ReceiverTimeOutCmd), (28 bytes).
    Removing stm32f0xx_usart.o(i.USART_RequestCmd), (20 bytes).
    Removing stm32f0xx_usart.o(i.USART_STOPModeCmd), (24 bytes).
    Removing stm32f0xx_usart.o(i.USART_SWAPPinCmd), (28 bytes).
    Removing stm32f0xx_usart.o(i.USART_SendData), (8 bytes).
    Removing stm32f0xx_usart.o(i.USART_SetAddress), (18 bytes).
    Removing stm32f0xx_usart.o(i.USART_SetAutoRetryCount), (20 bytes).
    Removing stm32f0xx_usart.o(i.USART_SetBlockLength), (18 bytes).
    Removing stm32f0xx_usart.o(i.USART_SetDEAssertionTime), (20 bytes).
    Removing stm32f0xx_usart.o(i.USART_SetDEDeassertionTime), (20 bytes).
    Removing stm32f0xx_usart.o(i.USART_SetGuardTime), (16 bytes).
    Removing stm32f0xx_usart.o(i.USART_SetPrescaler), (18 bytes).
    Removing stm32f0xx_usart.o(i.USART_SetReceiverTimeOut), (16 bytes).
    Removing stm32f0xx_usart.o(i.USART_SmartCardCmd), (24 bytes).
    Removing stm32f0xx_usart.o(i.USART_SmartCardNACKCmd), (24 bytes).
    Removing stm32f0xx_usart.o(i.USART_StopModeWakeUpSourceConfig), (18 bytes).
    Removing stm32f0xx_usart.o(i.USART_StructInit), (24 bytes).
    Removing stm32f0xx_misc.o(.rev16_text), (4 bytes).
    Removing stm32f0xx_misc.o(.revsh_text), (4 bytes).
    Removing stm32f0xx_misc.o(i.NVIC_SystemLPConfig), (32 bytes).
    Removing stm32f0xx_tim.o(.rev16_text), (4 bytes).
    Removing stm32f0xx_tim.o(.revsh_text), (4 bytes).
    Removing stm32f0xx_tim.o(i.TI1_Config), (56 bytes).
    Removing stm32f0xx_tim.o(i.TI2_Config), (76 bytes).
    Removing stm32f0xx_tim.o(i.TI3_Config), (72 bytes).
    Removing stm32f0xx_tim.o(i.TI4_Config), (80 bytes).
    Removing stm32f0xx_tim.o(i.TIM_ARRPreloadConfig), (28 bytes).
    Removing stm32f0xx_tim.o(i.TIM_BDTRConfig), (32 bytes).
    Removing stm32f0xx_tim.o(i.TIM_BDTRStructInit), (18 bytes).
    Removing stm32f0xx_tim.o(i.TIM_CCPreloadControl), (28 bytes).
    Removing stm32f0xx_tim.o(i.TIM_CCxCmd), (30 bytes).
    Removing stm32f0xx_tim.o(i.TIM_CCxNCmd), (30 bytes).
    Removing stm32f0xx_tim.o(i.TIM_ClearFlag), (6 bytes).
    Removing stm32f0xx_tim.o(i.TIM_ClearOC1Ref), (24 bytes).
    Removing stm32f0xx_tim.o(i.TIM_ClearOC2Ref), (20 bytes).
    Removing stm32f0xx_tim.o(i.TIM_ClearOC3Ref), (24 bytes).
    Removing stm32f0xx_tim.o(i.TIM_ClearOC4Ref), (20 bytes).
    Removing stm32f0xx_tim.o(i.TIM_CounterModeConfig), (24 bytes).
    Removing stm32f0xx_tim.o(i.TIM_CtrlPWMOutputs), (34 bytes).
    Removing stm32f0xx_tim.o(i.TIM_DMACmd), (20 bytes).
    Removing stm32f0xx_tim.o(i.TIM_DMAConfig), (12 bytes).
    Removing stm32f0xx_tim.o(i.TIM_DeInit), (260 bytes).
    Removing stm32f0xx_tim.o(i.TIM_ETRClockMode1Config), (52 bytes).
    Removing stm32f0xx_tim.o(i.TIM_ETRClockMode2Config), (34 bytes).
    Removing stm32f0xx_tim.o(i.TIM_ETRConfig), (24 bytes).
    Removing stm32f0xx_tim.o(i.TIM_EncoderInterfaceConfig), (68 bytes).
    Removing stm32f0xx_tim.o(i.TIM_ForcedOC1Config), (24 bytes).
    Removing stm32f0xx_tim.o(i.TIM_ForcedOC2Config), (24 bytes).
    Removing stm32f0xx_tim.o(i.TIM_ForcedOC3Config), (24 bytes).
    Removing stm32f0xx_tim.o(i.TIM_ForcedOC4Config), (24 bytes).
    Removing stm32f0xx_tim.o(i.TIM_GenerateEvent), (4 bytes).
    Removing stm32f0xx_tim.o(i.TIM_GetCapture1), (6 bytes).
    Removing stm32f0xx_tim.o(i.TIM_GetCapture2), (6 bytes).
    Removing stm32f0xx_tim.o(i.TIM_GetCapture3), (6 bytes).
    Removing stm32f0xx_tim.o(i.TIM_GetCapture4), (6 bytes).
    Removing stm32f0xx_tim.o(i.TIM_GetCounter), (6 bytes).
    Removing stm32f0xx_tim.o(i.TIM_GetFlagStatus), (20 bytes).
    Removing stm32f0xx_tim.o(i.TIM_GetPrescaler), (6 bytes).
    Removing stm32f0xx_tim.o(i.TIM_ICInit), (112 bytes).
    Removing stm32f0xx_tim.o(i.TIM_ICStructInit), (18 bytes).
    Removing stm32f0xx_tim.o(i.TIM_ITRxExternalClockConfig), (24 bytes).
    Removing stm32f0xx_tim.o(i.TIM_InternalClockConfig), (16 bytes).
    Removing stm32f0xx_tim.o(i.TIM_OC1FastConfig), (24 bytes).
    Removing stm32f0xx_tim.o(i.TIM_OC1Init), (148 bytes).
    Removing stm32f0xx_tim.o(i.TIM_OC1NPolarityConfig), (24 bytes).
    Removing stm32f0xx_tim.o(i.TIM_OC1PolarityConfig), (24 bytes).
    Removing stm32f0xx_tim.o(i.TIM_OC1PreloadConfig), (24 bytes).
    Removing stm32f0xx_tim.o(i.TIM_OC2FastConfig), (24 bytes).
    Removing stm32f0xx_tim.o(i.TIM_OC2Init), (172 bytes).
    Removing stm32f0xx_tim.o(i.TIM_OC2NPolarityConfig), (24 bytes).
    Removing stm32f0xx_tim.o(i.TIM_OC2PolarityConfig), (24 bytes).
    Removing stm32f0xx_tim.o(i.TIM_OC2PreloadConfig), (24 bytes).
    Removing stm32f0xx_tim.o(i.TIM_OC3FastConfig), (24 bytes).
    Removing stm32f0xx_tim.o(i.TIM_OC3Init), (152 bytes).
    Removing stm32f0xx_tim.o(i.TIM_OC3NPolarityConfig), (24 bytes).
    Removing stm32f0xx_tim.o(i.TIM_OC3PolarityConfig), (24 bytes).
    Removing stm32f0xx_tim.o(i.TIM_OC3PreloadConfig), (24 bytes).
    Removing stm32f0xx_tim.o(i.TIM_OC4FastConfig), (24 bytes).
    Removing stm32f0xx_tim.o(i.TIM_OC4Init), (112 bytes).
    Removing stm32f0xx_tim.o(i.TIM_OC4PolarityConfig), (24 bytes).
    Removing stm32f0xx_tim.o(i.TIM_OC4PreloadConfig), (24 bytes).
    Removing stm32f0xx_tim.o(i.TIM_OCStructInit), (20 bytes).
    Removing stm32f0xx_tim.o(i.TIM_PWMIConfig), (124 bytes).
    Removing stm32f0xx_tim.o(i.TIM_PrescalerConfig), (6 bytes).
    Removing stm32f0xx_tim.o(i.TIM_RemapConfig), (6 bytes).
    Removing stm32f0xx_tim.o(i.TIM_SelectCCDMA), (28 bytes).
    Removing stm32f0xx_tim.o(i.TIM_SelectCOM), (28 bytes).
    Removing stm32f0xx_tim.o(i.TIM_SelectHallSensor), (28 bytes).
    Removing stm32f0xx_tim.o(i.TIM_SelectInputTrigger), (24 bytes).
    Removing stm32f0xx_tim.o(i.TIM_SelectMasterSlaveMode), (20 bytes).
    Removing stm32f0xx_tim.o(i.TIM_SelectOCREFClear), (20 bytes).
    Removing stm32f0xx_tim.o(i.TIM_SelectOCxM), (82 bytes).
    Removing stm32f0xx_tim.o(i.TIM_SelectOnePulseMode), (20 bytes).
    Removing stm32f0xx_tim.o(i.TIM_SelectOutputTrigger), (20 bytes).
    Removing stm32f0xx_tim.o(i.TIM_SelectSlaveMode), (20 bytes).
    Removing stm32f0xx_tim.o(i.TIM_SetAutoreload), (4 bytes).
    Removing stm32f0xx_tim.o(i.TIM_SetClockDivision), (20 bytes).
    Removing stm32f0xx_tim.o(i.TIM_SetCompare1), (4 bytes).
    Removing stm32f0xx_tim.o(i.TIM_SetCompare2), (4 bytes).
    Removing stm32f0xx_tim.o(i.TIM_SetCompare3), (4 bytes).
    Removing stm32f0xx_tim.o(i.TIM_SetCompare4), (4 bytes).
    Removing stm32f0xx_tim.o(i.TIM_SetCounter), (4 bytes).
    Removing stm32f0xx_tim.o(i.TIM_SetIC1Prescaler), (20 bytes).
    Removing stm32f0xx_tim.o(i.TIM_SetIC2Prescaler), (24 bytes).
    Removing stm32f0xx_tim.o(i.TIM_SetIC3Prescaler), (20 bytes).
    Removing stm32f0xx_tim.o(i.TIM_SetIC4Prescaler), (24 bytes).
    Removing stm32f0xx_tim.o(i.TIM_TIxExternalClockConfig), (58 bytes).
    Removing stm32f0xx_tim.o(i.TIM_TimeBaseStructInit), (18 bytes).
    Removing stm32f0xx_tim.o(i.TIM_UpdateDisableConfig), (28 bytes).
    Removing stm32f0xx_tim.o(i.TIM_UpdateRequestConfig), (28 bytes).
    Removing delay.o(.rev16_text), (4 bytes).
    Removing delay.o(.revsh_text), (4 bytes).
    Removing delay.o(i.delay_us), (80 bytes).
    Removing usart.o(.rev16_text), (4 bytes).
    Removing usart.o(.revsh_text), (4 bytes).
    Removing usart.o(i.USART1_Send_Byte), (32 bytes).
    Removing usart.o(i.USART_Put_Inf), (32 bytes).
    Removing usart.o(i.USART_Put_Num), (24 bytes).
    Removing usart.o(i.USART_ReceiveString), (52 bytes).
    Removing usart.o(i.USART_Send_Enter), (16 bytes).
    Removing usart.o(i._sys_exit), (6 bytes).
    Removing usart.o(i.ferror), (8 bytes).
    Removing usart.o(i.fgetc), (52 bytes).
    Removing usart.o(i.fputc), (36 bytes).
    Removing usart.o(i.u32tostr), (94 bytes).
    Removing usart.o(.data), (8 bytes).
    Removing smarthome.o(.rev16_text), (4 bytes).
    Removing smarthome.o(.revsh_text), (4 bytes).
    Removing smarthome.o(i.LED_OFF), (28 bytes).

222 unused section(s) (total 7400 bytes) removed from the image.

==============================================================================

Image Symbol Table

    Local Symbols

    Symbol Name                              Value     Ov Type        Size  Object(Section)

    ../clib/microlib/division.c              0x00000000   Number         0  uidiv.o ABSOLUTE
    ../clib/microlib/init/entry.s            0x00000000   Number         0  entry5.o ABSOLUTE
    ../clib/microlib/init/entry.s            0x00000000   Number         0  entry2.o ABSOLUTE
    ../clib/microlib/init/entry.s            0x00000000   Number         0  entry9a.o ABSOLUTE
    ../clib/microlib/init/entry.s            0x00000000   Number         0  entry.o ABSOLUTE
    ../clib/microlib/init/entry.s            0x00000000   Number         0  entry11b.o ABSOLUTE
    ../clib/microlib/init/entry.s            0x00000000   Number         0  entry11a.o ABSOLUTE
    ../clib/microlib/init/entry.s            0x00000000   Number         0  entry10b.o ABSOLUTE
    ../clib/microlib/init/entry.s            0x00000000   Number         0  entry10a.o ABSOLUTE
    ../clib/microlib/init/entry.s            0x00000000   Number         0  entry9b.o ABSOLUTE
    ../clib/microlib/init/entry.s            0x00000000   Number         0  entry8b.o ABSOLUTE
    ../clib/microlib/init/entry.s            0x00000000   Number         0  entry8a.o ABSOLUTE
    ../clib/microlib/init/entry.s            0x00000000   Number         0  entry7b.o ABSOLUTE
    ../clib/microlib/init/entry.s            0x00000000   Number         0  entry7a.o ABSOLUTE
    ../clib/microlib/stdio/putc.c            0x00000000   Number         0  putc.o ABSOLUTE
    ../clib/microlib/string/strlen.c         0x00000000   Number         0  strlen.o ABSOLUTE
    ..\..\STM32F0xx_StdPeriph_Lib_V1.5.0\Libraries\CMSIS\Device\ST\STM32F0xx\Source\Templates\arm\startup_stm32f030.s 0x00000000   Number         0  startup_stm32f030.o ABSOLUTE
    ..\..\STM32F0xx_StdPeriph_Lib_V1.5.0\Libraries\CMSIS\Device\ST\STM32F0xx\Source\Templates\system_stm32f0xx.c 0x00000000   Number         0  system_stm32f0xx.o ABSOLUTE
    ..\\..\\STM32F0xx_StdPeriph_Lib_V1.5.0\\Libraries\\CMSIS\\Device\\ST\\STM32F0xx\\Source\\Templates\\system_stm32f0xx.c 0x00000000   Number         0  system_stm32f0xx.o ABSOLUTE
    GeneralFunction\Delay\delay.c            0x00000000   Number         0  delay.o ABSOLUTE
    GeneralFunction\Usart\usart.c            0x00000000   Number         0  usart.o ABSOLUTE
    GeneralFunction\\Delay\\delay.c          0x00000000   Number         0  delay.o ABSOLUTE
    GeneralFunction\\Usart\\usart.c          0x00000000   Number         0  usart.o ABSOLUTE
    GeneralFunction\\smarthome.c             0x00000000   Number         0  smarthome.o ABSOLUTE
    GeneralFunction\smarthome.c              0x00000000   Number         0  smarthome.o ABSOLUTE
    User\Main.c                              0x00000000   Number         0  main.o ABSOLUTE
    User\\Main.c                             0x00000000   Number         0  main.o ABSOLUTE
    dc.s                                     0x00000000   Number         0  dc.o ABSOLUTE
    handlers.s                               0x00000000   Number         0  handlers.o ABSOLUTE
    init.s                                   0x00000000   Number         0  init.o ABSOLUTE
    st_Periph_driver\\src\\stm32f0xx_gpio.c  0x00000000   Number         0  stm32f0xx_gpio.o ABSOLUTE
    st_Periph_driver\\src\\stm32f0xx_misc.c  0x00000000   Number         0  stm32f0xx_misc.o ABSOLUTE
    st_Periph_driver\\src\\stm32f0xx_rcc.c   0x00000000   Number         0  stm32f0xx_rcc.o ABSOLUTE
    st_Periph_driver\\src\\stm32f0xx_syscfg.c 0x00000000   Number         0  stm32f0xx_syscfg.o ABSOLUTE
    st_Periph_driver\\src\\stm32f0xx_tim.c   0x00000000   Number         0  stm32f0xx_tim.o ABSOLUTE
    st_Periph_driver\\src\\stm32f0xx_usart.c 0x00000000   Number         0  stm32f0xx_usart.o ABSOLUTE
    st_Periph_driver\src\stm32f0xx_gpio.c    0x00000000   Number         0  stm32f0xx_gpio.o ABSOLUTE
    st_Periph_driver\src\stm32f0xx_misc.c    0x00000000   Number         0  stm32f0xx_misc.o ABSOLUTE
    st_Periph_driver\src\stm32f0xx_rcc.c     0x00000000   Number         0  stm32f0xx_rcc.o ABSOLUTE
    st_Periph_driver\src\stm32f0xx_syscfg.c  0x00000000   Number         0  stm32f0xx_syscfg.o ABSOLUTE
    st_Periph_driver\src\stm32f0xx_tim.c     0x00000000   Number         0  stm32f0xx_tim.o ABSOLUTE
    st_Periph_driver\src\stm32f0xx_usart.c   0x00000000   Number         0  stm32f0xx_usart.o ABSOLUTE
    RESET                                    0x08000000   Section      180  startup_stm32f030.o(RESET)
    .ARM.Collect$$$$00000000                 0x080000b4   Section        0  entry.o(.ARM.Collect$$$$00000000)
    .ARM.Collect$$$$00000001                 0x080000b4   Section        4  entry2.o(.ARM.Collect$$$$00000001)
    .ARM.Collect$$$$00000004                 0x080000b8   Section        4  entry5.o(.ARM.Collect$$$$00000004)
    .ARM.Collect$$$$00000008                 0x080000bc   Section        0  entry7b.o(.ARM.Collect$$$$00000008)
    .ARM.Collect$$$$0000000A                 0x080000bc   Section        0  entry8b.o(.ARM.Collect$$$$0000000A)
    .ARM.Collect$$$$0000000B                 0x080000bc   Section        8  entry9a.o(.ARM.Collect$$$$0000000B)
    .ARM.Collect$$$$0000000D                 0x080000c4   Section        0  entry10a.o(.ARM.Collect$$$$0000000D)
    .ARM.Collect$$$$0000000F                 0x080000c4   Section        0  entry11a.o(.ARM.Collect$$$$0000000F)
    .ARM.Collect$$$$00002712                 0x080000c4   Section        4  entry2.o(.ARM.Collect$$$$00002712)
    __lit__00000000                          0x080000c4   Data           4  entry2.o(.ARM.Collect$$$$00002712)
    .text                                    0x080000c8   Section       88  startup_stm32f030.o(.text)
    .text                                    0x08000120   Section        0  uidiv.o(.text)
    .text                                    0x0800014c   Section        0  strlen.o(.text)
    .text                                    0x0800015c   Section       36  init.o(.text)
    i.BeepCmd                                0x08000180   Section        0  smarthome.o(i.BeepCmd)
    i.GPIO_Configuration                     0x080001a4   Section        0  main.o(i.GPIO_Configuration)
    i.GPIO_Init                              0x0800024c   Section        0  stm32f0xx_gpio.o(i.GPIO_Init)
    i.GPIO_PinAFConfig                       0x080002dc   Section        0  stm32f0xx_gpio.o(i.GPIO_PinAFConfig)
    i.GPIO_ResetBits                         0x08000320   Section        0  stm32f0xx_gpio.o(i.GPIO_ResetBits)
    i.GPIO_SetBits                           0x08000324   Section        0  stm32f0xx_gpio.o(i.GPIO_SetBits)
    i.GPIO_WriteBit                          0x08000328   Section        0  stm32f0xx_gpio.o(i.GPIO_WriteBit)
    i.LED_Switch                             0x08000334   Section        0  smarthome.o(i.LED_Switch)
    i.MotorForward                           0x08000386   Section        0  smarthome.o(i.MotorForward)
    i.MotorReverse                           0x080003a2   Section        0  smarthome.o(i.MotorReverse)
    i.MotorStop                              0x080003be   Section        0  smarthome.o(i.MotorStop)
    i.NVIC_Init                              0x080003dc   Section        0  stm32f0xx_misc.o(i.NVIC_Init)
    i.RCC_AHBPeriphClockCmd                  0x0800044c   Section        0  stm32f0xx_rcc.o(i.RCC_AHBPeriphClockCmd)
    i.RCC_APB1PeriphClockCmd                 0x0800046c   Section        0  stm32f0xx_rcc.o(i.RCC_APB1PeriphClockCmd)
    i.RCC_APB2PeriphClockCmd                 0x0800048c   Section        0  stm32f0xx_rcc.o(i.RCC_APB2PeriphClockCmd)
    i.RCC_Configuration                      0x080004ac   Section        0  main.o(i.RCC_Configuration)
    i.RCC_GetClocksFreq                      0x080004d0   Section        0  stm32f0xx_rcc.o(i.RCC_GetClocksFreq)
    i.SetSysClock                            0x08000718   Section        0  system_stm32f0xx.o(i.SetSysClock)
    SetSysClock                              0x08000719   Thumb Code   206  system_stm32f0xx.o(i.SetSysClock)
    i.SysTick_CLKSourceConfig                0x080007f0   Section        0  stm32f0xx_misc.o(i.SysTick_CLKSourceConfig)
    i.SystemInit                             0x08000814   Section        0  system_stm32f0xx.o(i.SystemInit)
    i.TIM3_IRQHandler                        0x08000890   Section        0  main.o(i.TIM3_IRQHandler)
    i.TIM_ClearITPendingBit                  0x080008bc   Section        0  stm32f0xx_tim.o(i.TIM_ClearITPendingBit)
    i.TIM_Cmd                                0x080008c4   Section        0  stm32f0xx_tim.o(i.TIM_Cmd)
    i.TIM_GetITStatus                        0x080008e0   Section        0  stm32f0xx_tim.o(i.TIM_GetITStatus)
    i.TIM_ITConfig                           0x08000906   Section        0  stm32f0xx_tim.o(i.TIM_ITConfig)
    i.TIM_TimeBaseInit                       0x0800091c   Section        0  stm32f0xx_tim.o(i.TIM_TimeBaseInit)
    i.Timer_Init                             0x08000998   Section        0  smarthome.o(i.Timer_Init)
    i.USART1_IRQHandler                      0x080009ec   Section        0  main.o(i.USART1_IRQHandler)
    i.USART_ClearFlag                        0x08000a68   Section        0  stm32f0xx_usart.o(i.USART_ClearFlag)
    i.USART_ClearITPendingBit                0x08000a6c   Section        0  stm32f0xx_usart.o(i.USART_ClearITPendingBit)
    i.USART_Cmd                              0x08000a7e   Section        0  stm32f0xx_usart.o(i.USART_Cmd)
    i.USART_Configuration                    0x08000a98   Section        0  usart.o(i.USART_Configuration)
    i.USART_GetFlagStatus                    0x08000ac8   Section        0  stm32f0xx_usart.o(i.USART_GetFlagStatus)
    i.USART_GetITStatus                      0x08000adc   Section        0  stm32f0xx_usart.o(i.USART_GetITStatus)
    i.USART_ITConfig                         0x08000b2a   Section        0  stm32f0xx_usart.o(i.USART_ITConfig)
    i.USART_IT_Init                          0x08000b6c   Section        0  usart.o(i.USART_IT_Init)
    i.USART_Init                             0x08000b84   Section        0  stm32f0xx_usart.o(i.USART_Init)
    i.USART_ReceiveData                      0x08000c7c   Section        0  stm32f0xx_usart.o(i.USART_ReceiveData)
    i.USART_SendString                       0x08000c88   Section        0  usart.o(i.USART_SendString)
    i.Wifi_Init                              0x08000cbc   Section        0  smarthome.o(i.Wifi_Init)
    i.__ARM_common_switch8                   0x08000d14   Section        0  main.o(i.__ARM_common_switch8)
    i.__scatterload_copy                     0x08000d30   Section       14  handlers.o(i.__scatterload_copy)
    i.__scatterload_null                     0x08000d3e   Section        2  handlers.o(i.__scatterload_null)
    i.__scatterload_zeroinit                 0x08000d40   Section       14  handlers.o(i.__scatterload_zeroinit)
    i.delay_init                             0x08000d50   Section        0  delay.o(i.delay_init)
    i.delay_ms                               0x08000d88   Section        0  delay.o(i.delay_ms)
    i.main                                   0x08000dd8   Section        0  main.o(i.main)
    .data                                    0x20000000   Section        6  main.o(.data)
    motorState                               0x20000000   Data           1  main.o(.data)
    isChanged                                0x20000001   Data           1  main.o(.data)
    usartState                               0x20000002   Data           1  main.o(.data)
    runState                                 0x20000003   Data           1  main.o(.data)
    .data                                    0x20000008   Section       20  system_stm32f0xx.o(.data)
    .data                                    0x2000001c   Section       16  stm32f0xx_rcc.o(.data)
    APBAHBPrescTable                         0x2000001c   Data          16  stm32f0xx_rcc.o(.data)
    .data                                    0x2000002c   Section        4  delay.o(.data)
    fac_us                                   0x2000002c   Data           1  delay.o(.data)
    fac_ms                                   0x2000002e   Data           2  delay.o(.data)
    .bss                                     0x20000030   Section       20  main.o(.bss)
    STACK                                    0x20000048   Section     1024  startup_stm32f030.o(STACK)

    Global Symbols

    Symbol Name                              Value     Ov Type        Size  Object(Section)

    BuildAttributes$$THM_ISAv3M$S$PE$A:L22$X:L11$S22$IEEE1$IW$USESV6$~STKCKD$USESV7$~SHL$OSPACE$EBA8$MICROLIB$REQ8$PRES8$EABIv2 0x00000000   Number         0  anon$$obj.o ABSOLUTE
    __ARM_use_no_argv                        0x00000000   Number         0  main.o ABSOLUTE
    __cpp_initialize__aeabi_                  - Undefined Weak Reference
    __cxa_finalize                            - Undefined Weak Reference
    __decompress                              - Undefined Weak Reference
    _clock_init                               - Undefined Weak Reference
    _microlib_exit                            - Undefined Weak Reference
    __Vectors_Size                           0x000000b4   Number         0  startup_stm32f030.o ABSOLUTE
    __Vectors                                0x08000000   Data           4  startup_stm32f030.o(RESET)
    __Vectors_End                            0x080000b4   Data           0  startup_stm32f030.o(RESET)
    __main                                   0x080000b5   Thumb Code     0  entry.o(.ARM.Collect$$$$00000000)
    _main_stk                                0x080000b5   Thumb Code     0  entry2.o(.ARM.Collect$$$$00000001)
    _main_scatterload                        0x080000b9   Thumb Code     0  entry5.o(.ARM.Collect$$$$00000004)
    __main_after_scatterload                 0x080000bd   Thumb Code     0  entry5.o(.ARM.Collect$$$$00000004)
    _main_clock                              0x080000bd   Thumb Code     0  entry7b.o(.ARM.Collect$$$$00000008)
    _main_cpp_init                           0x080000bd   Thumb Code     0  entry8b.o(.ARM.Collect$$$$0000000A)
    _main_init                               0x080000bd   Thumb Code     0  entry9a.o(.ARM.Collect$$$$0000000B)
    __rt_final_cpp                           0x080000c5   Thumb Code     0  entry10a.o(.ARM.Collect$$$$0000000D)
    __rt_final_exit                          0x080000c5   Thumb Code     0  entry11a.o(.ARM.Collect$$$$0000000F)
    Reset_Handler                            0x080000c9   Thumb Code    38  startup_stm32f030.o(.text)
    NMI_Handler                              0x080000ef   Thumb Code     2  startup_stm32f030.o(.text)
    HardFault_Handler                        0x080000f1   Thumb Code     2  startup_stm32f030.o(.text)
    SVC_Handler                              0x080000f3   Thumb Code     2  startup_stm32f030.o(.text)
    PendSV_Handler                           0x080000f5   Thumb Code     2  startup_stm32f030.o(.text)
    SysTick_Handler                          0x080000f7   Thumb Code     2  startup_stm32f030.o(.text)
    ADC1_IRQHandler                          0x080000f9   Thumb Code     0  startup_stm32f030.o(.text)
    DMA1_Channel1_IRQHandler                 0x080000f9   Thumb Code     0  startup_stm32f030.o(.text)
    DMA1_Channel2_3_IRQHandler               0x080000f9   Thumb Code     0  startup_stm32f030.o(.text)
    DMA1_Channel4_5_IRQHandler               0x080000f9   Thumb Code     0  startup_stm32f030.o(.text)
    EXTI0_1_IRQHandler                       0x080000f9   Thumb Code     0  startup_stm32f030.o(.text)
    EXTI2_3_IRQHandler                       0x080000f9   Thumb Code     0  startup_stm32f030.o(.text)
    EXTI4_15_IRQHandler                      0x080000f9   Thumb Code     0  startup_stm32f030.o(.text)
    FLASH_IRQHandler                         0x080000f9   Thumb Code     0  startup_stm32f030.o(.text)
    I2C1_IRQHandler                          0x080000f9   Thumb Code     0  startup_stm32f030.o(.text)
    I2C2_IRQHandler                          0x080000f9   Thumb Code     0  startup_stm32f030.o(.text)
    RCC_IRQHandler                           0x080000f9   Thumb Code     0  startup_stm32f030.o(.text)
    RTC_IRQHandler                           0x080000f9   Thumb Code     0  startup_stm32f030.o(.text)
    SPI1_IRQHandler                          0x080000f9   Thumb Code     0  startup_stm32f030.o(.text)
    SPI2_IRQHandler                          0x080000f9   Thumb Code     0  startup_stm32f030.o(.text)
    TIM14_IRQHandler                         0x080000f9   Thumb Code     0  startup_stm32f030.o(.text)
    TIM15_IRQHandler                         0x080000f9   Thumb Code     0  startup_stm32f030.o(.text)
    TIM16_IRQHandler                         0x080000f9   Thumb Code     0  startup_stm32f030.o(.text)
    TIM17_IRQHandler                         0x080000f9   Thumb Code     0  startup_stm32f030.o(.text)
    TIM1_BRK_UP_TRG_COM_IRQHandler           0x080000f9   Thumb Code     0  startup_stm32f030.o(.text)
    TIM1_CC_IRQHandler                       0x080000f9   Thumb Code     0  startup_stm32f030.o(.text)
    USART2_IRQHandler                        0x080000f9   Thumb Code     0  startup_stm32f030.o(.text)
    WWDG_IRQHandler                          0x080000f9   Thumb Code     0  startup_stm32f030.o(.text)
    __aeabi_uidiv                            0x08000121   Thumb Code     0  uidiv.o(.text)
    __aeabi_uidivmod                         0x08000121   Thumb Code    44  uidiv.o(.text)
    strlen                                   0x0800014d   Thumb Code    14  strlen.o(.text)
    __scatterload                            0x0800015d   Thumb Code    28  init.o(.text)
    __scatterload_rt2                        0x0800015d   Thumb Code     0  init.o(.text)
    BeepCmd                                  0x08000181   Thumb Code    26  smarthome.o(i.BeepCmd)
    GPIO_Configuration                       0x080001a5   Thumb Code   164  main.o(i.GPIO_Configuration)
    GPIO_Init                                0x0800024d   Thumb Code   144  stm32f0xx_gpio.o(i.GPIO_Init)
    GPIO_PinAFConfig                         0x080002dd   Thumb Code    68  stm32f0xx_gpio.o(i.GPIO_PinAFConfig)
    GPIO_ResetBits                           0x08000321   Thumb Code     4  stm32f0xx_gpio.o(i.GPIO_ResetBits)
    GPIO_SetBits                             0x08000325   Thumb Code     4  stm32f0xx_gpio.o(i.GPIO_SetBits)
    GPIO_WriteBit                            0x08000329   Thumb Code    12  stm32f0xx_gpio.o(i.GPIO_WriteBit)
    LED_Switch                               0x08000335   Thumb Code    82  smarthome.o(i.LED_Switch)
    MotorForward                             0x08000387   Thumb Code    28  smarthome.o(i.MotorForward)
    MotorReverse                             0x080003a3   Thumb Code    28  smarthome.o(i.MotorReverse)
    MotorStop                                0x080003bf   Thumb Code    28  smarthome.o(i.MotorStop)
    NVIC_Init                                0x080003dd   Thumb Code   106  stm32f0xx_misc.o(i.NVIC_Init)
    RCC_AHBPeriphClockCmd                    0x0800044d   Thumb Code    28  stm32f0xx_rcc.o(i.RCC_AHBPeriphClockCmd)
    RCC_APB1PeriphClockCmd                   0x0800046d   Thumb Code    28  stm32f0xx_rcc.o(i.RCC_APB1PeriphClockCmd)
    RCC_APB2PeriphClockCmd                   0x0800048d   Thumb Code    28  stm32f0xx_rcc.o(i.RCC_APB2PeriphClockCmd)
    RCC_Configuration                        0x080004ad   Thumb Code    34  main.o(i.RCC_Configuration)
    RCC_GetClocksFreq                        0x080004d1   Thumb Code   554  stm32f0xx_rcc.o(i.RCC_GetClocksFreq)
    SysTick_CLKSourceConfig                  0x080007f1   Thumb Code    32  stm32f0xx_misc.o(i.SysTick_CLKSourceConfig)
    SystemInit                               0x08000815   Thumb Code   110  system_stm32f0xx.o(i.SystemInit)
    TIM3_IRQHandler                          0x08000891   Thumb Code    36  main.o(i.TIM3_IRQHandler)
    TIM_ClearITPendingBit                    0x080008bd   Thumb Code     6  stm32f0xx_tim.o(i.TIM_ClearITPendingBit)
    TIM_Cmd                                  0x080008c5   Thumb Code    24  stm32f0xx_tim.o(i.TIM_Cmd)
    TIM_GetITStatus                          0x080008e1   Thumb Code    38  stm32f0xx_tim.o(i.TIM_GetITStatus)
    TIM_ITConfig                             0x08000907   Thumb Code    20  stm32f0xx_tim.o(i.TIM_ITConfig)
    TIM_TimeBaseInit                         0x0800091d   Thumb Code    90  stm32f0xx_tim.o(i.TIM_TimeBaseInit)
    Timer_Init                               0x08000999   Thumb Code    74  smarthome.o(i.Timer_Init)
    USART1_IRQHandler                        0x080009ed   Thumb Code   104  main.o(i.USART1_IRQHandler)
    USART_ClearFlag                          0x08000a69   Thumb Code     4  stm32f0xx_usart.o(i.USART_ClearFlag)
    USART_ClearITPendingBit                  0x08000a6d   Thumb Code    18  stm32f0xx_usart.o(i.USART_ClearITPendingBit)
    USART_Cmd                                0x08000a7f   Thumb Code    24  stm32f0xx_usart.o(i.USART_Cmd)
    USART_Configuration                      0x08000a99   Thumb Code    42  usart.o(i.USART_Configuration)
    USART_GetFlagStatus                      0x08000ac9   Thumb Code    20  stm32f0xx_usart.o(i.USART_GetFlagStatus)
    USART_GetITStatus                        0x08000add   Thumb Code    78  stm32f0xx_usart.o(i.USART_GetITStatus)
    USART_ITConfig                           0x08000b2b   Thumb Code    66  stm32f0xx_usart.o(i.USART_ITConfig)
    USART_IT_Init                            0x08000b6d   Thumb Code    22  usart.o(i.USART_IT_Init)
    USART_Init                               0x08000b85   Thumb Code   226  stm32f0xx_usart.o(i.USART_Init)
    USART_ReceiveData                        0x08000c7d   Thumb Code    10  stm32f0xx_usart.o(i.USART_ReceiveData)
    USART_SendString                         0x08000c89   Thumb Code    48  usart.o(i.USART_SendString)
    Wifi_Init                                0x08000cbd   Thumb Code    48  smarthome.o(i.Wifi_Init)
    __ARM_common_switch8                     0x08000d15   Thumb Code    28  main.o(i.__ARM_common_switch8)
    __scatterload_copy                       0x08000d31   Thumb Code    14  handlers.o(i.__scatterload_copy)
    __scatterload_null                       0x08000d3f   Thumb Code     2  handlers.o(i.__scatterload_null)
    __scatterload_zeroinit                   0x08000d41   Thumb Code    14  handlers.o(i.__scatterload_zeroinit)
    delay_init                               0x08000d51   Thumb Code    40  delay.o(i.delay_init)
    delay_ms                                 0x08000d89   Thumb Code    70  delay.o(i.delay_ms)
    main                                     0x08000dd9   Thumb Code   262  main.o(i.main)
    Region$$Table$$Base                      0x08000f00   Number         0  anon$$obj.o(Region$$Table)
    Region$$Table$$Limit                     0x08000f20   Number         0  anon$$obj.o(Region$$Table)
    counter                                  0x20000004   Data           2  main.o(.data)
    SystemCoreClock                          0x20000008   Data           4  system_stm32f0xx.o(.data)
    AHBPrescTable                            0x2000000c   Data          16  system_stm32f0xx.o(.data)
    RxBuffer                                 0x20000030   Data          20  main.o(.bss)
    __initial_sp                             0x20000448   Data           0  startup_stm32f030.o(STACK)



==============================================================================

Memory Map of the image

  Image Entry point : 0x080000b5

  Load Region LR_IROM1 (Base: 0x08000000, Size: 0x00000f50, Max: 0x00010000, ABSOLUTE)

    Execution Region ER_IROM1 (Base: 0x08000000, Size: 0x00000f20, Max: 0x00010000, ABSOLUTE)

    Base Addr    Size         Type   Attr      Idx    E Section Name        Object

    0x08000000   0x000000b4   Data   RO          163    RESET               startup_stm32f030.o
    0x080000b4   0x00000000   Code   RO         1745  * .ARM.Collect$$$$00000000  mc_p.l(entry.o)
    0x080000b4   0x00000004   Code   RO         1754    .ARM.Collect$$$$00000001  mc_p.l(entry2.o)
    0x080000b8   0x00000004   Code   RO         1757    .ARM.Collect$$$$00000004  mc_p.l(entry5.o)
    0x080000bc   0x00000000   Code   RO         1759    .ARM.Collect$$$$00000008  mc_p.l(entry7b.o)
    0x080000bc   0x00000000   Code   RO         1761    .ARM.Collect$$$$0000000A  mc_p.l(entry8b.o)
    0x080000bc   0x00000008   Code   RO         1762    .ARM.Collect$$$$0000000B  mc_p.l(entry9a.o)
    0x080000c4   0x00000000   Code   RO         1764    .ARM.Collect$$$$0000000D  mc_p.l(entry10a.o)
    0x080000c4   0x00000000   Code   RO         1766    .ARM.Collect$$$$0000000F  mc_p.l(entry11a.o)
    0x080000c4   0x00000004   Code   RO         1755    .ARM.Collect$$$$00002712  mc_p.l(entry2.o)
    0x080000c8   0x00000058   Code   RO          164    .text               startup_stm32f030.o
    0x08000120   0x0000002c   Code   RO         1750    .text               mc_p.l(uidiv.o)
    0x0800014c   0x0000000e   Code   RO         1752    .text               mc_p.l(strlen.o)
    0x0800015a   0x00000002   PAD
    0x0800015c   0x00000024   Code   RO         1768    .text               mc_p.l(init.o)
    0x08000180   0x00000024   Code   RO         1682    i.BeepCmd           smarthome.o
    0x080001a4   0x000000a8   Code   RO            3    i.GPIO_Configuration  main.o
    0x0800024c   0x00000090   Code   RO          208    i.GPIO_Init         stm32f0xx_gpio.o
    0x080002dc   0x00000044   Code   RO          209    i.GPIO_PinAFConfig  stm32f0xx_gpio.o
    0x08000320   0x00000004   Code   RO          215    i.GPIO_ResetBits    stm32f0xx_gpio.o
    0x08000324   0x00000004   Code   RO          216    i.GPIO_SetBits      stm32f0xx_gpio.o
    0x08000328   0x0000000c   Code   RO          219    i.GPIO_WriteBit     stm32f0xx_gpio.o
    0x08000334   0x00000052   Code   RO         1684    i.LED_Switch        smarthome.o
    0x08000386   0x0000001c   Code   RO         1685    i.MotorForward      smarthome.o
    0x080003a2   0x0000001c   Code   RO         1686    i.MotorReverse      smarthome.o
    0x080003be   0x0000001c   Code   RO         1687    i.MotorStop         smarthome.o
    0x080003da   0x00000002   PAD
    0x080003dc   0x00000070   Code   RO          943    i.NVIC_Init         stm32f0xx_misc.o
    0x0800044c   0x00000020   Code   RO          300    i.RCC_AHBPeriphClockCmd  stm32f0xx_rcc.o
    0x0800046c   0x00000020   Code   RO          302    i.RCC_APB1PeriphClockCmd  stm32f0xx_rcc.o
    0x0800048c   0x00000020   Code   RO          304    i.RCC_APB2PeriphClockCmd  stm32f0xx_rcc.o
    0x080004ac   0x00000022   Code   RO            4    i.RCC_Configuration  main.o
    0x080004ce   0x00000002   PAD
    0x080004d0   0x00000248   Code   RO          314    i.RCC_GetClocksFreq  stm32f0xx_rcc.o
    0x08000718   0x000000d8   Code   RO          170    i.SetSysClock       system_stm32f0xx.o
    0x080007f0   0x00000024   Code   RO          945    i.SysTick_CLKSourceConfig  stm32f0xx_misc.o
    0x08000814   0x0000007c   Code   RO          172    i.SystemInit        system_stm32f0xx.o
    0x08000890   0x0000002c   Code   RO            5    i.TIM3_IRQHandler   main.o
    0x080008bc   0x00000006   Code   RO          986    i.TIM_ClearITPendingBit  stm32f0xx_tim.o
    0x080008c2   0x00000002   PAD
    0x080008c4   0x0000001c   Code   RO          991    i.TIM_Cmd           stm32f0xx_tim.o
    0x080008e0   0x00000026   Code   RO         1012    i.TIM_GetITStatus   stm32f0xx_tim.o
    0x08000906   0x00000014   Code   RO         1016    i.TIM_ITConfig      stm32f0xx_tim.o
    0x0800091a   0x00000002   PAD
    0x0800091c   0x0000007c   Code   RO         1064    i.TIM_TimeBaseInit  stm32f0xx_tim.o
    0x08000998   0x00000054   Code   RO         1688    i.Timer_Init        smarthome.o
    0x080009ec   0x0000007c   Code   RO            6    i.USART1_IRQHandler  main.o
    0x08000a68   0x00000004   Code   RO          638    i.USART_ClearFlag   stm32f0xx_usart.o
    0x08000a6c   0x00000012   Code   RO          639    i.USART_ClearITPendingBit  stm32f0xx_usart.o
    0x08000a7e   0x00000018   Code   RO          642    i.USART_Cmd         stm32f0xx_usart.o
    0x08000a96   0x00000002   PAD
    0x08000a98   0x00000030   Code   RO         1581    i.USART_Configuration  usart.o
    0x08000ac8   0x00000014   Code   RO          650    i.USART_GetFlagStatus  stm32f0xx_usart.o
    0x08000adc   0x0000004e   Code   RO          651    i.USART_GetITStatus  stm32f0xx_usart.o
    0x08000b2a   0x00000042   Code   RO          653    i.USART_ITConfig    stm32f0xx_usart.o
    0x08000b6c   0x00000016   Code   RO         1582    i.USART_IT_Init     usart.o
    0x08000b82   0x00000002   PAD
    0x08000b84   0x000000f8   Code   RO          654    i.USART_Init        stm32f0xx_usart.o
    0x08000c7c   0x0000000a   Code   RO          666    i.USART_ReceiveData  stm32f0xx_usart.o
    0x08000c86   0x00000002   PAD
    0x08000c88   0x00000034   Code   RO         1586    i.USART_SendString  usart.o
    0x08000cbc   0x00000058   Code   RO         1689    i.Wifi_Init         smarthome.o
    0x08000d14   0x0000001c   Code   RO           47    i.__ARM_common_switch8  main.o
    0x08000d30   0x0000000e   Code   RO         1772    i.__scatterload_copy  mc_p.l(handlers.o)
    0x08000d3e   0x00000002   Code   RO         1773    i.__scatterload_null  mc_p.l(handlers.o)
    0x08000d40   0x0000000e   Code   RO         1774    i.__scatterload_zeroinit  mc_p.l(handlers.o)
    0x08000d4e   0x00000002   PAD
    0x08000d50   0x00000038   Code   RO         1543    i.delay_init        delay.o
    0x08000d88   0x00000050   Code   RO         1544    i.delay_ms          delay.o
    0x08000dd8   0x00000128   Code   RO            7    i.main              main.o
    0x08000f00   0x00000020   Data   RO         1770    Region$$Table       anon$$obj.o


    Execution Region RW_IRAM1 (Base: 0x20000000, Size: 0x00000448, Max: 0x00002000, ABSOLUTE)

    Base Addr    Size         Type   Attr      Idx    E Section Name        Object

    0x20000000   0x00000006   Data   RW            9    .data               main.o
    0x20000006   0x00000002   PAD
    0x20000008   0x00000014   Data   RW          173    .data               system_stm32f0xx.o
    0x2000001c   0x00000010   Data   RW          340    .data               stm32f0xx_rcc.o
    0x2000002c   0x00000004   Data   RW         1546    .data               delay.o
    0x20000030   0x00000014   Zero   RW            8    .bss                main.o
    0x20000044   0x00000004   PAD
    0x20000048   0x00000400   Zero   RW          161    STACK               startup_stm32f030.o


==============================================================================

Image component sizes


      Code (inc. data)   RO Data    RW Data    ZI Data      Debug   Object Name

       136         26          0          4          0       1132   delay.o
       694         78          0          6         20     213681   main.o
       374         60          0          0          0       3790   smarthome.o
        88         38        180          0       1024        772   startup_stm32f030.o
       232          0          0          0          0       3207   stm32f0xx_gpio.o
       148         10          0          0          0       1354   stm32f0xx_misc.o
       680         42          0         16          0       3422   stm32f0xx_rcc.o
       216         38          0          0          0       3322   stm32f0xx_tim.o
       468         22          0          0          0       5704   stm32f0xx_usart.o
       340         24          0         20          0       2133   system_stm32f0xx.o
       122         10          0          0          0       1621   usart.o

    ----------------------------------------------------------------------
      3512        348        212         48       1048     240138   Object Totals
         0          0         32          0          0          0   (incl. Generated)
        14          0          0          2          4          0   (incl. Padding)

    ----------------------------------------------------------------------

      Code (inc. data)   RO Data    RW Data    ZI Data      Debug   Library Member Name

         0          0          0          0          0          0   entry.o
         0          0          0          0          0          0   entry10a.o
         0          0          0          0          0          0   entry11a.o
         8          4          0          0          0          0   entry2.o
         4          0          0          0          0          0   entry5.o
         0          0          0          0          0          0   entry7b.o
         0          0          0          0          0          0   entry8b.o
         8          4          0          0          0          0   entry9a.o
        30          0          0          0          0          0   handlers.o
        36          8          0          0          0         68   init.o
        14          0          0          0          0         60   strlen.o
        44          0          0          0          0         72   uidiv.o

    ----------------------------------------------------------------------
       148         16          0          0          0        200   Library Totals
         4          0          0          0          0          0   (incl. Padding)

    ----------------------------------------------------------------------

      Code (inc. data)   RO Data    RW Data    ZI Data      Debug   Library Name

       144         16          0          0          0        200   mc_p.l

    ----------------------------------------------------------------------
       148         16          0          0          0        200   Library Totals

    ----------------------------------------------------------------------

==============================================================================


      Code (inc. data)   RO Data    RW Data    ZI Data      Debug   

      3660        364        212         48       1048     238686   Grand Totals
      3660        364        212         48       1048     238686   ELF Image Totals
      3660        364        212         48          0          0   ROM Totals

==============================================================================

    Total RO  Size (Code + RO Data)                 3872 (   3.78kB)
    Total RW  Size (RW Data + ZI Data)              1096 (   1.07kB)
    Total ROM Size (Code + RO Data + RW Data)       3920 (   3.83kB)

==============================================================================

